// Jest Snapshot v1, https://goo.gl/fbAQLP

exports[`Should OfferCard render correctly 1`] = `
<li
  className="reviews__item"
>
  <div
    className="reviews__user user"
  >
    <div
      className="reviews__avatar-wrapper user__avatar-wrapper"
    >
      <img
        alt="Reviews avatar"
        className="reviews__avatar user__avatar"
        height="54"
        src="src"
        width="54"
      />
    </div>
    <span
      className="reviews__user-name"
    >
      Ozzy
    </span>
  </div>
  <div
    className="reviews__info"
  >
    <div
      className="reviews__rating rating"
    >
      <div
        className="reviews__stars rating__stars"
      >
        <span
          style={
            Object {
              "width": "80%",
            }
          }
        />
        <span
          className="visually-hidden"
        >
          Rating
        </span>
      </div>
    </div>
    <p
      className="reviews__text"
    >
      Id minim labore ut velit sit velit.Magna deserunt reprehenderit consequat elit cupidatat proident nostrud amet minim nulla.
    </p>
    <time
      className="reviews__time"
      dateTime="2019-04-24"
    >
      May 8, 2016
    </time>
  </div>
</li>
`;
